// Jest Snapshot v1, https://jestjs.io/docs/snapshot-testing

exports[`Navbar Component matches snapshot 1`] = `
<DocumentFragment>
  <nav
    class="sticky top-0 z-50 bg-pink-700 text-white shadow-md"
  >
    <div
      class="max-w-7xl mx-auto px-4 sm:px-6 lg:px-8"
    >
      <div
        class="flex justify-between items-center h-16"
      >
        <a
          class="text-[32px] md:text-[40px] font-serif font-semibold tracking-normal leading-none hover:text-pink-200 transition"
          data-discover="true"
          href="/"
        >
          VB
        </a>
        <div
          class=" md:flex flex-1 justify-center px-4"
        >
          <div
            class="relative w-full max-w-md"
          >
            <input
              aria-label="searchBar"
              class="w-full px-4 py-2 pr-10 rounded-lg outline-none text-black placeholder-gray-500 font-mono"
              placeholder="kurti, dupatta, palazzo.."
              type="text"
            />
          </div>
        </div>
        <div
          class="hidden md:flex space-x-6 items-center"
        >
          <div
            class="flex items-center gap-2"
          >
            <span>
              ðŸ‘— Somshekhar
            </span>
            <button
              aria-label="logout"
              class="hover:text-red-400 transition"
              title="Logout"
            >
              <svg
                fill="none"
                height="28"
                stroke="currentColor"
                stroke-linecap="round"
                stroke-linejoin="round"
                stroke-width="2"
                viewBox="0 0 24 24"
                width="28"
                xmlns="http://www.w3.org/2000/svg"
              >
                <path
                  d="M9 21H5a2 2 0 0 1-2-2V5a2 2 0 0 1 2-2h4"
                />
                <polyline
                  points="16 17 21 12 16 7"
                />
                <line
                  x1="21"
                  x2="9"
                  y1="12"
                  y2="12"
                />
              </svg>
            </button>
          </div>
          <a
            aria-label="My Orders"
            class="block text-white px-2 py-2 hover:text-pink-300"
            data-discover="true"
            href="/my-orders"
          >
            <svg
              class="inline mr-1"
              data-testid="bagIcon"
              fill="none"
              height="30"
              stroke="currentColor"
              stroke-width="0"
              viewBox="0 0 24 24"
              width="30"
              xmlns="http://www.w3.org/2000/svg"
            >
              <path
                clip-rule="evenodd"
                d="M5 4H19C19.5523 4 20 4.44771 20 5V19C20 19.5523 19.5523 20 19 20H5C4.44772 20 4 19.5523 4 19V5C4 4.44772 4.44771 4 5 4ZM2 5C2 3.34315 3.34315 2 5 2H19C20.6569 2 22 3.34315 22 5V19C22 20.6569 20.6569 22 19 22H5C3.34315 22 2 20.6569 2 19V5ZM12 12C9.23858 12 7 9.31371 7 6H9C9 8.56606 10.6691 10 12 10C13.3309 10 15 8.56606 15 6H17C17 9.31371 14.7614 12 12 12Z"
                fill="currentColor"
                fill-rule="evenodd"
              />
            </svg>
          </a>
          <a
            aria-label="cart-icon"
            class="block text-white px-1 py-1 hover:text-pink-300"
            data-discover="true"
            href="/cart"
          >
            <svg
              class="inline mr-1"
              data-testid="cartIcon"
              fill="currentColor"
              height="29"
              stroke="currentColor"
              stroke-width="0"
              viewBox="0 0 24 24"
              width="29"
              xmlns="http://www.w3.org/2000/svg"
            >
              <path
                d="M5,5 L22,5 L20,14 L7,14 L4,2 L0,2 M7,14 L8,18 L21,18 M19,23 C18.4475,23 18,22.5525 18,22 C18,21.4475 18.4475,21 19,21 C19.5525,21 20,21.4475 20,22 C20,22.5525 19.5525,23 19,23 Z M9,23 C8.4475,23 8,22.5525 8,22 C8,21.4475 8.4475,21 9,21 C9.5525,21 10,21.4475 10,22 C10,22.5525 9.5525,23 9,23 Z"
                fill="none"
                stroke-width="2"
              />
            </svg>
          </a>
        </div>
        <div
          class="md:hidden"
        >
          <button
            aria-label="hamburgerbtn"
            class="focus:outline-none"
          >
            <svg
              class="w-6 h-6"
              fill="none"
              stroke="currentColor"
              viewBox="0 0 24 24"
            >
              <path
                d="M4 6h16M4 12h16M4 18h16"
                stroke-linecap="round"
                stroke-linejoin="round"
                stroke-width="2"
              />
            </svg>
          </button>
        </div>
      </div>
    </div>
  </nav>
</DocumentFragment>
`;
