// Jest Snapshot v1, https://jestjs.io/docs/snapshot-testing

exports[`Testing the ProductCard Component Match Snapshots 1`] = `[Function]`;
