// Jest Snapshot v1, https://jestjs.io/docs/snapshot-testing

exports[`Contact Page Form matches snapshot 1`] = `
<DocumentFragment>
  <section
    class="min-h-screen bg-gradient-to-b from-pink-50 to-purple-50 py-12 px-6 md:px-20"
  >
    <div
      class="max-w-3xl mx-auto bg-white p-8 rounded-xl shadow-lg"
    >
      <form
        class="space-y-6"
      >
        <input
          aria-label="name"
          class="w-full border border-gray-300 px-4 py-2 rounded-md focus:ring-2 focus:ring-[#B19A99] outline-none font-mono"
          name="name"
          placeholder="Enter your full name"
          type="text"
        />
        <input
          aria-label="email"
          class="w-full border border-gray-300 px-4 py-2 rounded-md focus:ring-2 focus:ring-[#B19A99] outline-none font-mono"
          name="email"
          placeholder="abc@gmail.com"
          type="email"
        />
        <input
          aria-label="subject"
          class="w-full border border-gray-300 px-4 py-2 rounded-md focus:ring-2 focus:ring-[#B19A99] outline-none font-mono"
          name="subject"
          placeholder="Let us know why you're reaching out"
          type="text"
        />
        <textarea
          aria-label="message"
          class="w-full border border-gray-300 px-4 py-2 rounded-md resize-none focus:ring-2 focus:ring-[#B19A99] outline-none font-mono"
          name="message"
          placeholder="Briefly describe.."
          rows="5"
        />
        <div
          class="text-center"
        >
          <button
            aria-label="submit"
            class="bg-[#B19A99] text-white px-6 py-2 rounded-md hover:bg-[#a88a89] transition duration-300"
            type="submit"
          >
            Send Message
          </button>
        </div>
      </form>
    </div>
  </section>
</DocumentFragment>
`;
